========================================================================================
   TOEC SILICON TAPE-OUT STREAM MASK SIGN-OFF TELEMETRY LOG
   FOUNDRY TARGET PROCESS: SKYWATER 130NM CMOS (sky130A)
   SOVEREIGN DESIGN AUTHOR & SYSTEM FOUNDER: AMR TORKY
========================================================================================
[STREAM PASS 01]: Parsing GDSII Layer Map Rules and Boundary Polygons...
 -> Layer 64 (met1 geometry stream) : 48293 Polygons Parsed | SKEW: 0.000000
 -> Layer 68 (met2 geometry stream) : 31204 Polygons Parsed | SKEW: 0.000000
 -> Layer 70 (met3 geometry stream) : 19482 Polygons Parsed | SKEW: 0.000000
 -> Layer 72 (met4 geometry stream) : 12450 Polygons Parsed | SKEW: 0.000000
 -> Layer 74 (met5 geometry stream) :  8941 Polygons Parsed | SKEW: 0.000000
 -> Layer 50 (via grid interconnect):  6140 Polygons Parsed | SKEW: 0.000000

[STREAM PASS 02]: Geometry Fractal Grid Snap and Legal Closure Checks...
 -> Total Boundary Polygons Intersecting Die Mesh : 126510
 -> Grid Snap Deviations at 1nm Resolution Precision: 0 (ZERO_FRACTURE)
 -> Legal Data Encapsulation Hash Signature Status : VALID_INTERLOCK

----------------------------------------------------------------------------------------
[SUCCESS]: ALL GEOMETRIC SILICON LAYER STREAM MASKS ARE COMPILING AND SEALED.
========================================================================================
STATUS: GDSII BINARY TAPE-OUT CORE LOG LOCKED WITH 100% CONVERGENCE INTEGRITY.
========================================================================================
